
> limsdoor-measure@0.1.0 build
> next build

   ??Next.js 16.0.10 (Turbopack)
   - Environments: .env.local

   Creating an optimized production build ...
 ??Compiled successfully in 71s
   Running TypeScript ...
node.exe : Failed to compile.
위치 줄:1 문자:1
+ & "C:\Program Files\nodejs/node.exe" 
"C:\Program Files\nodejs/node_mo ...
+ ~~~~~~~~~~~~~~~~~~~~~~~~~~~~~~~~~~~~~
~~~~~~~~~~~~~~~~~~~~~~~~~~~~~~~~
    + CategoryInfo          : NotSpeci 
   fied: (Failed to compile.:String)   
  [], RemoteException
    + FullyQualifiedErrorId : NativeCo 
   mmandError
 

./app/components/Manage/DashboardChatWi
dget.tsx:104:32
Type error: Property 'tool_calls' does 
not exist on type 'Message'.

[0m [90m 102 |[39m [32m            
                    : "bg-indigo-900/40
 border border-indigo-500/30 text-indig
o-100"[39m
 [90m 103 |[39m [32m                
            }`[39m}[33m>[39m
[31m[1m>[22m[39m[90m 104 |[39m   
                          {m[33m.[39m
tool_calls [33m?[39m (
 [90m     |[39m                      
          [31m[1m^[22m[39m
 [90m 105 |[39m                      
           [33m<[39m[33mspan[39m cl
assName[33m=[39m[32m"text-indigo-400
 italic"[39m[33m>[39m[33mExecuting
[39m tools[33m...[39m[33m<[39m[33m
/[39m[33mspan[39m[33m>[39m
 [90m 106 |[39m                      
       ) [33m:[39m m[33m.[39mconten
t}
 [90m 107 |[39m                      
   [33m<[39m[33m/[39m[33mdiv[39m
[33m>[39m[0m
Next.js build worker exited with code: 
1 and signal: null
