app/field/new/page.tsx(1656,231): error TS2322: Type '{ isOpen: boolean; onClose: () => void; imageSrc: string; doorOptions: { category: DoorCategory; type: string; glass: string; color: string; }; apiKey: string; }' is not assignable to type 'IntrinsicAttributes & VirtualPreviewModalProps'.
  Property 'apiKey' does not exist on type 'IntrinsicAttributes & VirtualPreviewModalProps'.
app/field/new/page.tsx(1691,44): error TS2339: Property 'startDrawing' does not exist on type '{ canvasRef: RefObject<HTMLCanvasElement | null>; start: (e: PointerEvent<HTMLCanvasElement>) => void; end: () => void; draw: (e: PointerEvent<...>) => void; clear: () => void; isEmpty: () => boolean; toDataUrl: () => string; }'.
app/field/new/page.tsx(1693,42): error TS2339: Property 'endDrawing' does not exist on type '{ canvasRef: RefObject<HTMLCanvasElement | null>; start: (e: PointerEvent<HTMLCanvasElement>) => void; end: () => void; draw: (e: PointerEvent<...>) => void; clear: () => void; isEmpty: () => boolean; toDataUrl: () => string; }'.
app/field/new/page.tsx(1694,45): error TS2339: Property 'endDrawing' does not exist on type '{ canvasRef: RefObject<HTMLCanvasElement | null>; start: (e: PointerEvent<HTMLCanvasElement>) => void; end: () => void; draw: (e: PointerEvent<...>) => void; clear: () => void; isEmpty: () => boolean; toDataUrl: () => string; }'.
app/field/new/page.tsx(1695,45): error TS2339: Property 'startDrawing' does not exist on type '{ canvasRef: RefObject<HTMLCanvasElement | null>; start: (e: PointerEvent<HTMLCanvasElement>) => void; end: () => void; draw: (e: PointerEvent<...>) => void; clear: () => void; isEmpty: () => boolean; toDataUrl: () => string; }'.
app/field/new/page.tsx(1696,21): error TS2322: Type '(e: React.PointerEvent<HTMLCanvasElement>) => void' is not assignable to type 'TouchEventHandler<HTMLCanvasElement>'.
  Types of parameters 'e' and 'event' are incompatible.
    Type 'TouchEvent<HTMLCanvasElement>' is missing the following properties from type 'PointerEvent<HTMLCanvasElement>': pointerId, pressure, tangentialPressure, tiltX, and 17 more.
app/field/new/page.tsx(1697,43): error TS2339: Property 'endDrawing' does not exist on type '{ canvasRef: RefObject<HTMLCanvasElement | null>; start: (e: PointerEvent<HTMLCanvasElement>) => void; end: () => void; draw: (e: PointerEvent<...>) => void; clear: () => void; isEmpty: () => boolean; toDataUrl: () => string; }'.
